<testsuites name="results">
  <testsuite name="all" package="all">
    <property name="random_seed" value="1684893547" />
    <testcase name="dut_test" classname="dut_test" file="/home/ajsar/assignment-1-xor-verification-Ajsar/tests/dut_test.py" lineno="5" time="0.007057666778564453" sim_time_ns="4.001" ratio_time="566.9012331599217" />
  </testsuite>
</testsuites>
